2026-08-22 17:22:46,583 [OWNER-AUDIT] [INFO]: Autenticación de Owner exitosa. Accediendo al núcleo del sistema...
2026-08-22 17:22:46,583 [OWNER-AUDIT] [INFO]: Consulta de estado ejecutada para el proyecto: El Rincón de las Esquinas
2026-08-22 17:22:59,626 [OWNER-AUDIT] [INFO]: Autenticación de Owner exitosa. Accediendo al núcleo del sistema...
2026-08-22 17:22:59,626 [OWNER-AUDIT] [INFO]: Despliegue maestro ejecutado con éxito para: Servidor Móvil Termux
2026-08-22 17:23:10,367 [OWNER-AUDIT] [WARNING]: Intento de acceso denegado con token inválido: 'TOKEN_FALSO'
2026-08-22 17:31:14,186 [OWNER-AUDIT] [INFO]: Autenticación de Owner exitosa. Accediendo al núcleo del sistema...
2026-08-22 17:31:14,187 [OWNER-AUDIT] [INFO]: Respaldo cifrado nativo generado con éxito en Termux.
2026-08-22 17:31:34,191 [OWNER-AUDIT] [INFO]: Autenticación de Owner exitosa. Accediendo al núcleo del sistema...
2026-08-22 17:31:34,192 [OWNER-AUDIT] [INFO]: Respaldo cifrado nativo generado con éxito en Termux.
2026-08-22 17:37:02,051 [OWNER-AUDIT] [INFO]: Autenticación de Owner exitosa. Accediendo al núcleo del sistema...
2026-08-22 17:37:02,053 [OWNER-AUDIT] [INFO]: Consulta de estado ejecutada para el proyecto: El Rincón de las Esquinas
2026-08-22 17:37:09,405 [OWNER-AUDIT] [INFO]: Autenticación de Owner exitosa. Accediendo al núcleo del sistema...
2026-08-22 17:37:09,405 [OWNER-AUDIT] [INFO]: Despliegue maestro ejecutado con éxito para: Servidor Termux Mobile
2026-08-22 17:37:24,092 [OWNER-AUDIT] [INFO]: Autenticación de Owner exitosa. Accediendo al núcleo del sistema...
2026-08-22 17:37:24,096 [OWNER-AUDIT] [INFO]: Respaldo cifrado nativo generado con éxito.
2026-08-22 17:37:32,751 [OWNER-AUDIT] [INFO]: Autenticación de Owner exitosa. Accediendo al núcleo del sistema...
2026-08-22 17:37:32,753 [OWNER-AUDIT] [INFO]: Consulta de historial en base de datos ejecutada.
2026-08-22 17:37:40,619 [OWNER-AUDIT] [WARNING]: Intento de acceso denegado con token inválido: 'TOKEN_FALSO'
2026-08-22 17:41:54,395 [OWNER-AUDIT] [INFO]: Autenticación de Owner exitosa.
2026-08-22 17:41:54,396 [OWNER-AUDIT] [INFO]: Escaneo de seguridad ejecutado para: El Rincón de las Esquinas
2026-08-22 17:42:45,472 [OWNER-AUDIT] [INFO]: Autenticación de Owner exitosa.
2026-08-22 17:42:45,473 [OWNER-AUDIT] [INFO]: Escaneo de seguridad ejecutado para: El Rincón de las Esquinas
